// Vitest Snapshot v1, https://vitest.dev/guide/snapshot.html

exports[`<Form> > renders Form 1`] = `
<div>
  <div>
    <div>
      <h3>
        Edit This
      </h3>
    </div>
    <form
      class="_flexBox_1c1c63"
      novalidate=""
    >
      <input
        name="test"
        value="Testing"
      />
    </form>
    <div
      class="_controls_1c1c63"
    >
      <button
        class="_button_f8f296 _default_f8f296 _outlined_f8f296"
        type="button"
      >
        <span>
          Edit Button
        </span>
      </button>
    </div>
  </div>
</div>
`;
