// Vitest Snapshot v1, https://vitest.dev/guide/snapshot.html

exports[`<Account> > renders and matches snapshot 1`] = `
<div>
  <div
    class="panel-class"
  >
    <div
      class="header-class"
    >
      <h3>
        account.about_you
      </h3>
    </div>
    <form
      class="_flexBox_1c1c63"
      novalidate=""
    >
      <div
        class="_textField_e16c1b"
      >
        <label
          class="_label_e16c1b"
          for="text-field_1235_firstName"
        >
          account.firstname
        </label>
        <p>
          John
        </p>
      </div>
      <div
        class="_textField_e16c1b"
      >
        <label
          class="_label_e16c1b"
          for="text-field_1235_lastName"
        >
          account.lastname
        </label>
        <p>
          Doe
        </p>
      </div>
    </form>
    <div
      class="_controls_1c1c63"
    >
      <button
        class="_button_f8f296 _default_f8f296 _outlined_f8f296"
        type="button"
      >
        <span>
          account.edit_information
        </span>
      </button>
    </div>
  </div>
  <div
    class="panel-class"
  >
    <div
      class="header-class"
    >
      <h3>
        account.email
      </h3>
    </div>
    <form
      class="_flexBox_1c1c63"
      novalidate=""
    >
      <div
        class="_textField_e16c1b"
      >
        <label
          class="_label_e16c1b"
          for="text-field_1235_email"
        >
          account.email
        </label>
        <p>
          email@domain.com
        </p>
      </div>
    </form>
    <div
      class="_controls_1c1c63"
    >
      <button
        class="_button_f8f296 _default_f8f296 _outlined_f8f296"
        type="button"
      >
        <span>
          account.edit_account
        </span>
      </button>
    </div>
  </div>
  <div
    class="panel-class"
  >
    <div
      class="header-class"
    >
      <h3>
        account.security
      </h3>
    </div>
    <form
      class="_flexBox_1c1c63"
      novalidate=""
    />
    <div
      class="_controls_1c1c63"
    >
      <button
        class="_button_f8f296 _default_f8f296 _outlined_f8f296"
        type="button"
      >
        <span>
          account.edit_password
        </span>
      </button>
    </div>
  </div>
  <div
    class="panel-class"
  >
    <div
      class="header-class"
    >
      <h3>
        account.terms_and_tracking
      </h3>
    </div>
    <form
      class="_flexBox_1c1c63"
      novalidate=""
    />
    <div
      class="_controls_1c1c63"
    />
  </div>
  <div
    class="panel-class"
  >
    <div
      class="header-class"
    >
      <h3>
        account.other_registration_details
      </h3>
    </div>
    <form
      class="_flexBox_1c1c63"
      novalidate=""
    >
      <div
        class="_customFields_c968f7"
      >
        <div
          class="_checkbox_531f07"
        >
          <div
            class="_row_531f07"
          >
            <input
              id="check-box_1235_consentsValues.marketing"
              name="consentsValues.marketing"
              type="checkbox"
              value=""
            />
            <label
              for="check-box_1235_consentsValues.marketing"
            >
              Receive Marketing Emails
            </label>
          </div>
        </div>
      </div>
    </form>
    <div
      class="_controls_1c1c63"
    />
  </div>
</div>
`;
